============================
Run Time: Sun Apr 19 22:25:51 WAT 2026

Uptime:
 22:25:51 up  5:39,  2 users,  load average: 1.19, 1.33, 1.51

Disk Usage:
Filesystem      Size  Used Avail Use% Mounted on
/dev/sdd       1007G   34G  923G   4% /

Memory Usage:
               total        used        free      shared  buff/cache   available
Mem:           7.7Gi       4.3Gi       524Mi        37Mi       3.0Gi       3.3Gi
Swap:          2.0Gi        83Mi       1.9Gi

============================
Run Time: Mon Apr 20 08:00:01 WAT 2026

Uptime:
 08:00:01 up  6:23,  2 users,  load average: 1.44, 1.82, 1.93

Disk Usage:
Filesystem      Size  Used Avail Use% Mounted on
/dev/sdd       1007G   34G  923G   4% /

Memory Usage:
               total        used        free      shared  buff/cache   available
Mem:           7.7Gi       4.3Gi       655Mi        37Mi       2.9Gi       3.4Gi
Swap:          2.0Gi       130Mi       1.9Gi

============================
Run Time: Mon Apr 20 09:00:01 WAT 2026

Uptime:
 09:00:01 up  7:25,  2 users,  load average: 0.62, 0.72, 0.95

Disk Usage:
Filesystem      Size  Used Avail Use% Mounted on
/dev/sdd       1007G   34G  923G   4% /

Memory Usage:
               total        used        free      shared  buff/cache   available
Mem:           7.7Gi       4.2Gi       1.1Gi        37Mi       2.6Gi       3.4Gi
Swap:          2.0Gi       196Mi       1.8Gi

============================
Run Time: Mon Apr 20 13:00:00 WAT 2026

Uptime:
 13:00:00 up  7:59,  2 users,  load average: 1.29, 1.33, 1.47

Disk Usage:
Filesystem      Size  Used Avail Use% Mounted on
/dev/sdd       1007G   34G  923G   4% /

Memory Usage:
               total        used        free      shared  buff/cache   available
Mem:           7.7Gi       4.3Gi       1.0Gi        37Mi       2.6Gi       3.3Gi
Swap:          2.0Gi       196Mi       1.8Gi

============================
Run Time: Mon Apr 20 18:00:03 WAT 2026

Uptime:
 18:00:03 up  8:43,  2 users,  load average: 1.27, 1.14, 1.12

Disk Usage:
Filesystem      Size  Used Avail Use% Mounted on
/dev/sdd       1007G   34G  923G   4% /

Memory Usage:
               total        used        free      shared  buff/cache   available
Mem:           7.7Gi       4.2Gi       1.1Gi        37Mi       2.6Gi       3.4Gi
Swap:          2.0Gi       196Mi       1.8Gi

